当前时间2020-07-22 21:14:47,888 - root - demo1 - DEBUG: a+b=46
当前时间2020-07-22 21:24:41,029 - root - demo1 - DEBUG: a+b=46
